CS251: . elkindi Sat Feb 3 14:34:17 EST 2018  Total:  140 of 140
CS251: . elkindi Sat Feb 3 14:37:44 EST 2018  Total:  10 of 10
CS251: . elkindi Sat Feb 3 14:37:50 EST 2018  Total:  8 of 8
CS251: . elkindi Sat Feb 3 14:39:37 EST 2018  Total:  8 of 8
CS251: . elkindi Sat Feb 3 14:41:21 EST 2018  Total:  10 of 10
CS251: . elkindi Sat Feb 3 14:42:17 EST 2018  Total:  80 of 80
CS251: . elkindi Sat Feb 3 14:42:25 EST 2018  Total:  100 of 100
CS251: . elkindi Sat Feb 3 14:58:29 EST 2018  Total:  0 of 88
CS251: . elkindi Sat Feb 3 14:59:29 EST 2018  Total:  10 of 10
CS251: . elkindi Sat Feb 3 14:59:34 EST 2018  Total:  80 of 88
CS251: . elkindi Sat Feb 3 14:59:50 EST 2018  Total:  80 of 88
CS251: . elkindi Sat Feb 3 15:00:57 EST 2018  Total:  88 of 88
CS251: . elkindi Sat Feb 3 15:02:53 EST 2018  Total:  112 of 112
CS251: . elkindi Sat Feb 3 15:05:14 EST 2018  Total:  80 of 80
CS251: . elkindi Sat Feb 3 15:05:33 EST 2018  Total:  100 of 100
CS251: . elkindi Sat Feb 3 15:12:14 EST 2018  Total:  2 of 10
CS251: . elkindi Sat Feb 3 15:15:46 EST 2018  Total:  0 of 10
CS251: . elkindi Sat Feb 3 15:16:11 EST 2018  Total:  10 of 10
CS251: . elkindi Sat Feb 3 15:17:42 EST 2018  Total:  0 of 10
CS251: . elkindi Sat Feb 3 15:18:05 EST 2018  Total:  0 of 10
CS251: . elkindi Sat Feb 3 15:20:07 EST 2018  Total:  0 of 10
CS251: . elkindi Sat Feb 3 15:25:12 EST 2018  Total:  0 of 10
CS251: . elkindi Sat Feb 3 15:31:16 EST 2018  Total:  0 of 10
CS251: . elkindi Sat Feb 3 15:32:21 EST 2018  Total:  0 of 10
CS251: . elkindi Sat Feb 3 15:33:13 EST 2018  Total:  0 of 10
CS251: . elkindi Sat Feb 3 15:33:59 EST 2018  Total:  0 of 10
CS251: . elkindi Sat Feb 3 15:43:43 EST 2018  Total:  0 of 10
CS251: . elkindi Sat Feb 3 15:43:48 EST 2018  Total:  0 of 10
CS251: . elkindi Sat Feb 3 15:45:15 EST 2018  Total:  0 of 80
CS251: . elkindi Sat Feb 3 15:48:47 EST 2018  Total:  0 of 10
CS251: . elkindi Sat Feb 3 15:48:49 EST 2018  Total:  0 of 10
CS251: . elkindi Sat Feb 3 15:48:52 EST 2018  Total:  0 of 80
CS251: . shu17 Fri Feb 16 10:08:58 EST 2018  Total:  10 of 10
CS251: . shu17 Fri Feb 16 10:09:10 EST 2018  Total:  0 of 10
CS251: . shu17 Fri Feb 16 10:11:53 EST 2018  Total:  0 of 10
CS251: . shu17 Fri Feb 16 10:22:23 EST 2018  Total:  0 of 10
CS251: . shu17 Fri Feb 16 10:38:21 EST 2018  Total:  0 of 10
CS251: . shu17 Fri Feb 16 10:40:20 EST 2018  Total:  0 of 10
CS251: . shu17 Fri Feb 16 10:47:28 EST 2018  Total:  0 of 10
CS251: . shu17 Fri Feb 16 10:47:44 EST 2018  Total:  0 of 10
CS251: . shu17 Fri Feb 16 10:48:06 EST 2018  Total:  0 of 10
CS251: . shu17 Fri Feb 16 10:48:30 EST 2018  Total:  0 of 10
CS251: . shu17 Fri Feb 16 10:51:47 EST 2018  Total:  0 of 10
CS251: . shu17 Fri Feb 16 10:57:56 EST 2018  Total:  0 of 10
CS251: . shu17 Fri Feb 16 10:58:39 EST 2018  Total:  0 of 10
CS251: . shu17 Fri Feb 16 11:00:03 EST 2018  Total:  0 of 10
CS251: . shu17 Fri Feb 16 11:13:48 EST 2018  Total:  0 of 10
CS251: . shu17 Fri Feb 16 14:57:51 EST 2018  Total:  0 of 10
CS251: . shu17 Fri Feb 16 14:59:13 EST 2018  Total:  0 of 10
CS251: . shu17 Fri Feb 16 15:00:53 EST 2018  Total:  0 of 10
CS251: . shu17 Fri Feb 16 15:17:22 EST 2018  Total:  0 of 10
CS251: . shu17 Fri Feb 16 16:10:56 EST 2018  Total:  0 of 10
CS251: . shu17 Fri Feb 16 16:15:30 EST 2018  Total:  0 of 10
CS251: . shu17 Fri Feb 16 16:19:39 EST 2018  Total:  0 of 10
CS251: . shu17 Fri Feb 16 16:28:15 EST 2018  Total:  0 of 10
CS251: . shu17 Fri Feb 16 16:32:44 EST 2018  Total:  0 of 10
CS251: . shu17 Fri Feb 16 16:33:33 EST 2018  Total:  0 of 10
CS251: . shu17 Fri Feb 16 16:56:09 EST 2018  Total:  0 of 10
CS251: . shu17 Fri Feb 16 18:54:23 EST 2018  Total:  0 of 10
CS251: . shu17 Fri Feb 16 18:59:31 EST 2018  Total:  0 of 10
CS251: . shu17 Fri Feb 16 19:14:16 EST 2018  Total:  0 of 10
CS251: . shu17 Fri Feb 16 19:15:30 EST 2018  Total:  0 of 10
CS251: . shu17 Fri Feb 16 19:18:05 EST 2018  Total:  0 of 10
CS251: . shu17 Fri Feb 16 19:19:47 EST 2018  Total:  0 of 10
CS251: . shu17 Fri Feb 16 19:20:52 EST 2018  Total:  0 of 10
CS251: . shu17 Fri Feb 16 19:21:28 EST 2018  Total:  0 of 10
CS251: . shu17 Fri Feb 16 19:23:45 EST 2018  Total:  0 of 10
CS251: . shu17 Fri Feb 16 19:32:43 EST 2018  Total:  0 of 10
CS251: . shu17 Fri Feb 16 19:33:25 EST 2018  Total:  0 of 10
CS251: . shu17 Fri Feb 16 19:43:46 EST 2018  Total:  0 of 10
CS251: . shu17 Fri Feb 16 19:44:39 EST 2018  Total:  0 of 10
CS251: . shu17 Fri Feb 16 22:13:11 EST 2018  Total:  0 of 10
CS251: . shu17 Fri Feb 16 22:13:45 EST 2018  Total:  0 of 10
CS251: . shu17 Fri Feb 16 22:14:10 EST 2018  Total:  0 of 10
CS251: . shu17 Fri Feb 16 22:15:28 EST 2018  Total:  0 of 10
CS251: . shu17 Fri Feb 16 22:33:17 EST 2018  Total:  0 of 10
CS251: . shu17 Fri Feb 16 22:35:20 EST 2018  Total:  0 of 10
CS251: . shu17 Fri Feb 16 22:36:27 EST 2018  Total:  0 of 10
CS251: . shu17 Fri Feb 16 22:36:45 EST 2018  Total:  0 of 10
CS251: . shu17 Fri Feb 16 22:39:48 EST 2018  Total:  0 of 10
CS251: . shu17 Fri Feb 16 22:41:14 EST 2018  Total:  0 of 10
CS251: . shu17 Fri Feb 16 23:33:28 EST 2018  Total:  0 of 10
CS251: . shu17 Fri Feb 16 23:47:58 EST 2018  Total:  1 of 10
CS251: . shu17 Fri Feb 16 23:52:21 EST 2018  Total:  0 of 10
CS251: . shu17 Fri Feb 16 23:54:24 EST 2018  Total:  1 of 10
CS251: . shu17 Fri Feb 16 23:55:56 EST 2018  Total:  0 of 10
CS251: . shu17 Sat Feb 17 00:02:49 EST 2018  Total:  0 of 10
CS251: . shu17 Sat Feb 17 00:04:26 EST 2018  Total:  0 of 10
CS251: . shu17 Sat Feb 17 00:12:07 EST 2018  Total:  0 of 10
CS251: . shu17 Sat Feb 17 00:28:18 EST 2018  Total:  0 of 10
CS251: . shu17 Sat Feb 17 00:30:23 EST 2018  Total:  0 of 10
CS251: . shu17 Sat Feb 17 00:36:52 EST 2018  Total:  8 of 10
CS251: . shu17 Sat Feb 17 00:49:49 EST 2018  Total:  8 of 10
CS251: . shu17 Sat Feb 17 00:57:22 EST 2018  Total:  8 of 10
CS251: . shu17 Sat Feb 17 01:04:19 EST 2018  Total:  8 of 10
CS251: . shu17 Sat Feb 17 01:05:21 EST 2018  Total:  8 of 10
CS251: . shu17 Sat Feb 17 01:07:28 EST 2018  Total:  8 of 10
CS251: . shu17 Sat Feb 17 01:17:38 EST 2018  Total:  8 of 10
CS251: . shu17 Sat Feb 17 02:01:37 EST 2018  Total:  8 of 10
CS251: . shu17 Sat Feb 17 02:07:37 EST 2018  Total:  8 of 10
CS251: . shu17 Sat Feb 17 15:53:58 EST 2018  Total:  10 of 10
CS251: . shu17 Thu Feb 22 12:21:18 EST 2018  Total:  10 of 10
CS251: . shu17 Thu Feb 22 12:21:30 EST 2018  Total:  8 of 10
CS251: . shu17 Sat Feb 24 20:37:24 EST 2018  Total:  8 of 10
CS251: . shu17 Sat Feb 24 20:38:07 EST 2018  Total:  0 of 80
CS251: . shu17 Sat Feb 24 20:39:05 EST 2018  Total:  0 of 80
CS251: . shu17 Sat Feb 24 20:48:07 EST 2018  Total:  15 of 80
CS251: . shu17 Sat Feb 24 20:55:22 EST 2018  Total:  15 of 80
CS251: . shu17 Sat Feb 24 21:01:55 EST 2018  Total:  15 of 80
CS251: . shu17 Sat Feb 24 21:03:26 EST 2018  Total:  15 of 80
CS251: . shu17 Sat Feb 24 21:06:27 EST 2018  Total:  15 of 80
CS251: . shu17 Sat Feb 24 21:27:43 EST 2018  Total:  15 of 80
CS251: . shu17 Sat Feb 24 21:45:04 EST 2018  Total:  15 of 80
CS251: . shu17 Sat Feb 24 21:56:50 EST 2018  Total:  15 of 80
CS251: . shu17 Sat Feb 24 22:46:36 EST 2018  Total:  22 of 80
CS251: . shu17 Sat Feb 24 22:56:09 EST 2018  Total:  57 of 80
CS251: . shu17 Sat Feb 24 23:15:58 EST 2018  Total:  75 of 100
CS251: . shu17 Sat Feb 24 23:59:28 EST 2018  Total:  0 of 10
CS251: . shu17 Sun Feb 25 00:22:43 EST 2018  Total:  10 of 10
CS251: . shu17 Sun Feb 25 00:23:11 EST 2018  Total:  92 of 100
CS251: . shu17 Sun Feb 25 00:34:42 EST 2018  Total:  92 of 100
CS251: . shu17 Sun Feb 25 00:52:17 EST 2018  Total:  92 of 100
CS251: . shu17 Sun Feb 25 15:25:09 EST 2018  Total:  92 of 100
CS251: . shu17 Sun Feb 25 15:26:44 EST 2018  Total:  92 of 100
CS251: . shu17 Sun Feb 25 15:29:00 EST 2018  Total:  20 of 100
CS251: . shu17 Sun Feb 25 15:32:11 EST 2018  Total:  96 of 100
CS251: . shu17 Sun Feb 25 15:54:03 EST 2018  Total:  96 of 100
CS251: . shu17 Sun Feb 25 15:58:23 EST 2018  Total:  96 of 100
